// Jest Snapshot v1, https://goo.gl/fbAQLP

exports[`matches snapshot 1`] = `
<div
  className="button-div"
  data-testid="button"
>
  <button
    className="button"
  />
</div>
`;
